2026-08-19 19:10:53,571 - INFO - ============================================================
2026-08-19 19:10:53,571 - INFO - Kenyatta S. Williams - Job Search Engine Started
2026-08-19 19:10:53,571 - INFO - ============================================================
2026-08-19 19:10:53,572 - INFO - Job Search Engine initialized
2026-08-19 19:10:53,572 - INFO - Opportunity flagged: XYZ Corporation - Program Manager - Training Delivery
2026-08-19 19:10:53,572 - INFO - Report: {
  "generated": "2026-08-19T19:10:53.572135",
  "total_opportunities_found": 1,
  "flagged_for_review": 1,
  "total_applications": 0,
  "applications_by_status": {
    "applied": 0,
    "interviewed": 0,
    "offer": 0,
    "rejected": 0
  },
  "response_rate": 0.0,
  "interview_rate": 0.0
}
2026-08-19 19:10:53,572 - INFO - ============================================================
2026-08-19 19:10:53,572 - INFO - Job Search Engine Ready
2026-08-19 19:10:53,572 - INFO - ============================================================
